main.c:117:6:motor_stop	16	static
main.c:141:6:motor_control	16	static
main.c:205:6:WriteSet	40	static
main.c:212:6:KeepSet	24	static
main.c:216:6:ReadSet	56	static
main.c:241:6:motor_point	16	static
main.c:263:6:timerControl	8	static
main.c:339:6:stepControl	16	static
main.c:404:6:buzzerTimes	24	static
main.c:413:6:clean_button_flag	4	static
main.c:420:5:read_ADC	16	static
main.c:439:5:detection_load	24	static
main.c:462:6:Display	48	static
main.c:563:6:u32tostr	40	static
main.c:581:5:read_GPIO	24	static
main.c:610:5:check_buttom	16	static
main.c:771:6:HAL_GPIO_EXTI_Callback	16	static
main.c:795:5:main	8	static
main.c:893:6:SystemClock_Config	88	static
main.c:954:6:_Error_Handler	16	static
