main.c:117:6:motor_stop	16	static
main.c:141:6:motor_control	16	static
main.c:205:6:WriteSet	40	static
main.c:212:6:KeepSet	24	static
main.c:216:6:ReadSet	56	static
main.c:241:6:motor_point	16	static
main.c:263:6:timerControl	8	static
main.c:339:6:stepControl	24	static
main.c:419:6:buzzerTimes	24	static
main.c:428:6:clean_button_flag	4	static
main.c:435:5:read_ADC	16	static
main.c:454:5:detection_load	24	static
main.c:477:6:Display	48	static
main.c:578:6:u32tostr	40	static
main.c:596:5:read_GPIO	24	static
main.c:625:5:check_buttom	16	static
main.c:786:6:HAL_GPIO_EXTI_Callback	16	static
main.c:810:5:main	8	static
main.c:908:6:SystemClock_Config	88	static
main.c:969:6:_Error_Handler	16	static
