ssd1306.c:8:6:ssd1306_Reset	4	static
ssd1306.c:14:6:ssd1306_WriteCommand	32	static
ssd1306.c:19:6:ssd1306_WriteData	32	static
ssd1306.c:64:17:ssd1306_FillBuffer	24	static
ssd1306.c:74:6:ssd1306_Init	8	static
ssd1306.c:176:6:ssd1306_Fill	24	static
ssd1306.c:186:6:ssd1306_UpdateScreen	16	static
ssd1306.c:205:6:ssd1306_DrawPixel	16	static
ssd1306.c:228:6:ssd1306_WriteChar	48	static
ssd1306.c:263:6:ssd1306_WriteString	24	static
ssd1306.c:280:6:ssd1306_SetCursor	16	static
ssd1306.c:286:6:ssd1306_Line	48	static
ssd1306.c:322:6:ssd1306_Polyline	40	static
ssd1306.c:336:14:ssd1306_DegToRad	24	static
ssd1306.c:340:17:ssd1306_NormalizeTo0_360	24	static
ssd1306.c:357:6:ssd1306_DrawArc	56	static
ssd1306.c:394:6:ssd1306_DrawCircle	40	static
ssd1306.c:439:6:ssd1306_DrawRectangle	32	static
ssd1306.c:448:6:ssd1306_SetContrast	24	static
ssd1306.c:454:6:ssd1306_SetDisplayOn	24	static
ssd1306.c:466:9:ssd1306_GetDisplayOn	4	static
